
 RUN  v4.1.11 /private/var/folders/2x/wylr59t17ds36l1l7ng25y7w0000gn/T/artroom-checker-stage5-b7b9-xtzq7vcx/repo/packages/room

stdout | test/workerd/checker-stage5-intent-breadth.test.ts > checker saved-intent breadth > a prepared unsigned bearer act retains its own body after none
{"probe":"bearer-none","savedBody":{"text":"first question"},"original":{"id":"act_6_a924883b","seq":6,"kind":"ask","by":{"via":"delegation","member":"@agent","role":"agent","key":"key_SEZTH-E5rAsNs0AYj4I2JxaL8AtmoNZyDe0nOrZH8aQ","delegation":"act_5_48d3613f","grantor":"key_FeztzCPmQmIc9jQpXxsQkv2mt-js2hBZIuA9x8UZGkk"},"at":"2026-10-01T12:00:00.000Z","flags":[],"anchor":{"act":"act_2_ccb01974"},"text":"first question"},"replayResult":{"id":"act_6_a924883b","seq":6,"kind":"ask","by":{"via":"delegation","member":"@agent","role":"agent","key":"key_SEZTH-E5rAsNs0AYj4I2JxaL8AtmoNZyDe0nOrZH8aQ","delegation":"act_5_48d3613f","grantor":"key_FeztzCPmQmIc9jQpXxsQkv2mt-js2hBZIuA9x8UZGkk"},"at":"2026-10-01T12:00:00.000Z","flags":[],"anchor":{"act":"act_2_ccb01974"},"text":"first question"}}

stdout | test/workerd/checker-stage5-intent-breadth.test.ts > checker saved-intent breadth > a prepared named key act retains nested scope after none
{"probe":"named-none","savedBody":{"goal":"g","scope":["src/**"]},"original":{"id":"act_4_14de19a0","seq":4,"kind":"claim","by":{"via":"member","member":"@bob","role":"member","key":"key_4Hr1Qg1AywEzr7_D7-ZkCrzEpLAySWJfEgQfeyWU-jQ"},"at":"2026-10-01T12:00:00.000Z","flags":[],"lane":"act_4_14de19a0","purpose":"ordinary","goal":"g","scope":["src/**"],"lease":{"holder":"@bob","generation":1,"expiresAt":"2026-10-01T12:30:00.000Z"},"overlaps":[],"effect":{"type":"opened","purpose":"ordinary","lease":{"holder":"@bob","generation":1,"expiresAt":"2026-10-01T12:30:00.000Z"},"kind":"claim","binding":"sha256:7dae8fd33493267c2046a293a6e2499d3bdc0e710e41633789494227a1b68cc4"}},"replayResult":{"id":"act_4_14de19a0","seq":4,"kind":"claim","by":{"via":"member","member":"@bob","role":"member","key":"key_4Hr1Qg1AywEzr7_D7-ZkCrzEpLAySWJfEgQfeyWU-jQ"},"at":"2026-10-01T12:00:00.000Z","flags":[],"lane":"act_4_14de19a0","purpose":"ordinary","goal":"g","scope":["src/**"],"lease":{"holder":"@bob","generation":1,"expiresAt":"2026-10-01T12:30:00.000Z"},"overlaps":[],"effect":{"type":"opened","purpose":"ordinary","lease":{"holder":"@bob","generation":1,"expiresAt":"2026-10-01T12:30:00.000Z"},"kind":"claim","binding":"sha256:7dae8fd33493267c2046a293a6e2499d3bdc0e710e41633789494227a1b68cc4"}}}

stdout | test/workerd/checker-stage5-intent-breadth.test.ts > checker saved-intent breadth > a prepared unsigned bearer act retains its own body after reuse
{"probe":"bearer-reuse","savedBody":{"text":"second question"},"original":{"id":"act_6_b336cf04","seq":6,"kind":"ask","by":{"via":"delegation","member":"@agent","role":"agent","key":"key_T8IKNAOFGx9aAamLm8CslCJ1oIsBJoXwpAOQEDA6otU","delegation":"act_5_55392009","grantor":"key_kD37M-FTfXVP83ktY81x-s5uf_aKWQCp0LPJHKnmeQk"},"at":"2026-10-01T12:00:00.000Z","flags":[],"anchor":{"act":"act_2_b8df7537"},"text":"first question"},"replayResult":{"refused":true,"rule":"idempotency-mismatch","reason":"This idempotency key was already used for a different act, act_6_b336cf04.","fix":"Use a new idempotency key for a new act."}}

 ✓ test/workerd/checker-stage5-intent-breadth.test.ts > checker saved-intent breadth > a prepared unsigned bearer act retains its own body after none 53ms
 ✓ test/workerd/checker-stage5-intent-breadth.test.ts > checker saved-intent breadth > a prepared named key act retains nested scope after none 22ms
stdout | test/workerd/checker-stage5-intent-breadth.test.ts > checker saved-intent breadth > a prepared named key act retains nested scope after reuse
{"probe":"named-reuse","savedBody":{"goal":"g","scope":["src/**","docs/**"]},"original":{"id":"act_4_4f7e7055","seq":4,"kind":"claim","by":{"via":"member","member":"@bob","role":"member","key":"key_5TG0T7wGKZj2W3oyXAcNSKl2h0ct43eIVhaMUvMfpGg"},"at":"2026-10-01T12:00:00.000Z","flags":[],"lane":"act_4_4f7e7055","purpose":"ordinary","goal":"g","scope":["src/**"],"lease":{"holder":"@bob","generation":1,"expiresAt":"2026-10-01T12:30:00.000Z"},"overlaps":[],"effect":{"type":"opened","purpose":"ordinary","lease":{"holder":"@bob","generation":1,"expiresAt":"2026-10-01T12:30:00.000Z"},"kind":"claim","binding":"sha256:7dae8fd33493267c2046a293a6e2499d3bdc0e710e41633789494227a1b68cc4"}},"replayResult":{"name":"ArtroomError","code":"unauthenticated","message":"The signature does not verify for the actor key.","retryable":false}}

stdout | test/workerd/checker-stage5-intent-breadth.test.ts > checker saved-intent breadth > a prepared unsigned bearer act retains its own body after snapshot
{"probe":"bearer-snapshot","savedBody":{"text":"first question"},"original":{"id":"act_6_1ae45b26","seq":6,"kind":"ask","by":{"via":"delegation","member":"@agent","role":"agent","key":"key_JB-ZfdypxaMk_VOP8CYYc_zv2dVC7eeEqriEu94pPHE","delegation":"act_5_79348017","grantor":"key_pxxtdRDd94ILzLo3zct88ReyL3F_kmfYIVctUytx2aQ"},"at":"2026-10-01T12:00:00.000Z","flags":[],"anchor":{"act":"act_2_6283db3d"},"text":"first question"},"replayResult":{"id":"act_6_1ae45b26","seq":6,"kind":"ask","by":{"via":"delegation","member":"@agent","role":"agent","key":"key_JB-ZfdypxaMk_VOP8CYYc_zv2dVC7eeEqriEu94pPHE","delegation":"act_5_79348017","grantor":"key_pxxtdRDd94ILzLo3zct88ReyL3F_kmfYIVctUytx2aQ"},"at":"2026-10-01T12:00:00.000Z","flags":[],"anchor":{"act":"act_2_6283db3d"},"text":"first question"}}

stdout | test/workerd/checker-stage5-intent-breadth.test.ts > checker saved-intent breadth > a prepared named key act retains nested scope after snapshot
{"probe":"named-snapshot","savedBody":{"goal":"g","scope":["src/**"]},"original":{"id":"act_4_ec204bd0","seq":4,"kind":"claim","by":{"via":"member","member":"@bob","role":"member","key":"key_dI1Iw40U2uvy-lSaTsHbgzs8y80tTrpz3qRrQAUaq3Y"},"at":"2026-10-01T12:00:00.000Z","flags":[],"lane":"act_4_ec204bd0","purpose":"ordinary","goal":"g","scope":["src/**"],"lease":{"holder":"@bob","generation":1,"expiresAt":"2026-10-01T12:30:00.000Z"},"overlaps":[],"effect":{"type":"opened","purpose":"ordinary","lease":{"holder":"@bob","generation":1,"expiresAt":"2026-10-01T12:30:00.000Z"},"kind":"claim","binding":"sha256:7dae8fd33493267c2046a293a6e2499d3bdc0e710e41633789494227a1b68cc4"}},"replayResult":{"id":"act_4_ec204bd0","seq":4,"kind":"claim","by":{"via":"member","member":"@bob","role":"member","key":"key_dI1Iw40U2uvy-lSaTsHbgzs8y80tTrpz3qRrQAUaq3Y"},"at":"2026-10-01T12:00:00.000Z","flags":[],"lane":"act_4_ec204bd0","purpose":"ordinary","goal":"g","scope":["src/**"],"lease":{"holder":"@bob","generation":1,"expiresAt":"2026-10-01T12:30:00.000Z"},"overlaps":[],"effect":{"type":"opened","purpose":"ordinary","lease":{"holder":"@bob","generation":1,"expiresAt":"2026-10-01T12:30:00.000Z"},"kind":"claim","binding":"sha256:7dae8fd33493267c2046a293a6e2499d3bdc0e710e41633789494227a1b68cc4"}}}

 × test/workerd/checker-stage5-intent-breadth.test.ts > checker saved-intent breadth > a prepared unsigned bearer act retains its own body after reuse 31ms
   → the saved bearer intent must not follow the caller original body object: expected { …(2) } to deeply equal { …(2) }
 × test/workerd/checker-stage5-intent-breadth.test.ts > checker saved-intent breadth > a prepared named key act retains nested scope after reuse 21ms
   → the saved signed named intent must own its nested scope: expected { Object (savedBody, result) } to deeply equal { Object (savedBody, result) }
 ✓ test/workerd/checker-stage5-intent-breadth.test.ts > checker saved-intent breadth > a prepared unsigned bearer act retains its own body after snapshot 22ms
 ✓ test/workerd/checker-stage5-intent-breadth.test.ts > checker saved-intent breadth > a prepared named key act retains nested scope after snapshot 20ms

⎯⎯⎯⎯⎯⎯⎯ Failed Tests 2 ⎯⎯⎯⎯⎯⎯⎯

 FAIL  test/workerd/checker-stage5-intent-breadth.test.ts > checker saved-intent breadth > a prepared unsigned bearer act retains its own body after reuse
AssertionError: the saved bearer intent must not follow the caller original body object: expected { …(2) } to deeply equal { …(2) }

- Expected
+ Received

  {
    "result": {
-     "anchor": {
-       "act": "act_2_b8df7537",
-     },
-     "at": "2026-10-01T12:00:00.000Z",
-     "by": {
-       "delegation": "act_5_55392009",
-       "grantor": "key_kD37M-FTfXVP83ktY81x-s5uf_aKWQCp0LPJHKnmeQk",
-       "key": "key_T8IKNAOFGx9aAamLm8CslCJ1oIsBJoXwpAOQEDA6otU",
-       "member": "@agent",
-       "role": "agent",
-       "via": "delegation",
-     },
-     "flags": [],
-     "id": "act_6_b336cf04",
-     "kind": "ask",
-     "seq": 6,
-     "text": "first question",
+     "fix": "Use a new idempotency key for a new act.",
+     "reason": "This idempotency key was already used for a different act, act_6_b336cf04.",
+     "refused": true,
+     "rule": "idempotency-mismatch",
    },
    "savedBody": {
-     "text": "first question",
+     "text": "second question",
    },
  }

 ❯ test/workerd/checker-stage5-intent-breadth.test.ts:25:123
     23|       const result = await attempt(api.replay(kept));
     24|       console.info(JSON.stringify({ probe: `bearer-${mode}`, savedBody…
     25|       expect({ savedBody: kept.body, result }, 'the saved bearer inten…
       |                                                                                                                           ^
     26|     });
     27|     it(`a prepared named key act retains nested scope after ${mode}`, …

⎯⎯⎯⎯⎯⎯⎯⎯⎯⎯⎯⎯⎯⎯⎯⎯⎯⎯⎯⎯⎯⎯⎯⎯[1/2]⎯

 FAIL  test/workerd/checker-stage5-intent-breadth.test.ts > checker saved-intent breadth > a prepared named key act retains nested scope after reuse
AssertionError: the saved signed named intent must own its nested scope: expected { Object (savedBody, result) } to deeply equal { Object (savedBody, result) }

- Expected
+ Received

  {
    "result": {
-     "at": "2026-10-01T12:00:00.000Z",
-     "by": {
-       "key": "key_5TG0T7wGKZj2W3oyXAcNSKl2h0ct43eIVhaMUvMfpGg",
-       "member": "@bob",
-       "role": "member",
-       "via": "member",
-     },
-     "effect": {
-       "binding": "sha256:7dae8fd33493267c2046a293a6e2499d3bdc0e710e41633789494227a1b68cc4",
-       "kind": "claim",
-       "lease": {
-         "expiresAt": "2026-10-01T12:30:00.000Z",
-         "generation": 1,
-         "holder": "@bob",
-       },
-       "purpose": "ordinary",
-       "type": "opened",
-     },
-     "flags": [],
-     "goal": "g",
-     "id": "act_4_4f7e7055",
-     "kind": "claim",
-     "lane": "act_4_4f7e7055",
-     "lease": {
-       "expiresAt": "2026-10-01T12:30:00.000Z",
-       "generation": 1,
-       "holder": "@bob",
-     },
-     "overlaps": [],
-     "purpose": "ordinary",
-     "scope": [
-       "src/**",
-     ],
-     "seq": 4,
+     "code": "unauthenticated",
+     "message": "The signature does not verify for the actor key.",
+     "name": "ArtroomError",
+     "retryable": false,
    },
    "savedBody": {
      "goal": "g",
      "scope": [
        "src/**",
+       "docs/**",
      ],
    },
  }

 ❯ test/workerd/checker-stage5-intent-breadth.test.ts:38:107
     36|       const result = await attempt(api.replay(kept));
     37|       console.info(JSON.stringify({ probe: `named-${mode}`, savedBody:…
     38|       expect({ savedBody: kept.body, result }, 'the saved signed named…
       |                                                                                                           ^
     39|     });
     40|   }

⎯⎯⎯⎯⎯⎯⎯⎯⎯⎯⎯⎯⎯⎯⎯⎯⎯⎯⎯⎯⎯⎯⎯⎯[2/2]⎯


 Test Files  1 failed (1)
      Tests  2 failed | 4 passed (6)
   Start at  15:29:28
   Duration  1.31s (transform 416ms, setup 0ms, import 968ms, tests 169ms, environment 0ms)

JSON report written to /private/var/folders/2x/wylr59t17ds36l1l7ng25y7w0000gn/T/artroom-checker-stage5-b7b9-xtzq7vcx/final-adjacent-intent/test.vitest.json
