
 RUN  v4.1.11 /private/tmp/artroom-checker-clipping-413-pfyugk47/repo/packages/room

 ↓ test/workerd/declared-audit2-fd6f00b6.test.ts > check jobs in a v2 room name the kind and binding to sign (R-DECL-18, R-EXEC-8) > the job carries the check act's kind and its active binding; a check signed with them is admitted, and the landing lands
 ↓ test/workerd/declared-audit2-fd6f00b6.test.ts > check jobs in a v2 room name the kind and binding to sign (R-DECL-18, R-EXEC-8) > a v1 room's job names neither
 ↓ test/workerd/declared-audit2-fd6f00b6.test.ts > check jobs in a v2 room name the kind and binding to sign (R-DECL-18, R-EXEC-8) > a check signed under a binding an activation has replaced is binding-stale; the job is due again and its next attempt names the binding in force
 ↓ test/workerd/declared-audit2-fd6f00b6.test.ts > check jobs in a v2 room name the kind and binding to sign (R-DECL-18, R-EXEC-8) > a job prepared while an activation replaced the binding names the binding in force when it is sent
 ↓ test/workerd/declared-audit2-fd6f00b6.test.ts > check jobs in a v2 room name the kind and binding to sign (R-DECL-18, R-EXEC-8) > the Room judges the change of binding itself: a service that answers binding-stale and names another binding as current is not asked again
 ↓ test/workerd/declared-audit2-fd6f00b6.test.ts > check jobs in a v2 room name the kind and binding to sign (R-DECL-18, R-EXEC-8) > a job whose binding was replaced and that is no longer needed ends as refused, and is not sent again
 ↓ test/workerd/declared-audit2-fd6f00b6.test.ts > check jobs in a v2 room name the kind and binding to sign (R-DECL-18, R-EXEC-8) > a checker that was given the binding in force and is still refused binding-stale is not asked again
 ↓ test/workerd/declared-audit2-fd6f00b6.test.ts > reservation judges authority as for a new admission (R-LAND-7, R-DECL-17, R-DECL-21) > a landing under a delegation whose binding of land is no longer the active one loses its authority, as a new land under that grant would
 ↓ test/workerd/declared-audit2-fd6f00b6.test.ts > reservation judges authority as for a new admission (R-LAND-7, R-DECL-17, R-DECL-21) > the same landing under a delegation lands when the activation leaves the binding of land as it was
 ↓ test/workerd/declared-audit2-fd6f00b6.test.ts > reservation judges authority as for a new admission (R-LAND-7, R-DECL-17, R-DECL-21) > a landing by the member's own key completes under the declaration it was admitted in, though the binding of land has changed (R-DECL-23)
 ↓ test/workerd/declared-audit2-fd6f00b6.test.ts > reservation judges authority as for a new admission (R-LAND-7, R-DECL-17, R-DECL-21) > a landing by the member's own key whose role the active declaration no longer lets sign land loses its authority, whatever the binding
 ↓ test/workerd/declared-audit2-fd6f00b6.test.ts > reservation judges authority as for a new admission (R-LAND-7, R-DECL-17, R-DECL-21) > a landing under a delegation whose grantor's role the active declaration no longer lets sign land loses its authority
 ↓ test/workerd/declared-audit2-fd6f00b6.test.ts > reservation judges authority as for a new admission (R-LAND-7, R-DECL-17, R-DECL-21) > under a v1 document there is no binding to compare: a landing under a delegation lands as it did
 ↓ test/workerd/declared-audit2-fd6f00b6.test.ts > reservation judges authority as for a new admission (R-LAND-7, R-DECL-17, R-DECL-21) > a recover land in flight when the room returns to a v1 document keeps the admin's authority, and lands
 ↓ test/workerd/declared-audit2-fd6f00b6.test.ts > reservation judges authority as for a new admission (R-LAND-7, R-DECL-17, R-DECL-21) > a legacy recovery landing in flight at a v2 activation that declares no kind named land keeps the admin's authority, and lands
 ↓ test/workerd/declared-audit2-fd6f00b6.test.ts > reservation judges authority as for a new admission (R-LAND-7, R-DECL-17, R-DECL-21) > a recovery landing whose signer is no longer an admin when it is reserved loses its authority (R-ADMIN-8)
 ↓ test/workerd/declared-audit2-fd6f00b6.test.ts > reservation judges authority as for a new admission (R-LAND-7, R-DECL-17, R-DECL-21) > a recovery landing whose signing key is revoked before it is reserved loses its authority (R-ADMIN-8)
 ↓ test/workerd/declared-audit2-fd6f00b6.test.ts > reservation judges authority as for a new admission (R-LAND-7, R-DECL-17, R-DECL-21) > a recovery landing whose signer is removed before it is reserved loses its authority (R-ADMIN-8)
 ↓ test/workerd/declared-audit2-fd6f00b6.test.ts > reservation judges authority as for a new admission (R-LAND-7, R-DECL-17, R-DECL-21) > an active admin's own key: each condition of the rule decides (adminOwnKey; R-ADM-3 case (a), R-ADMIN-8)
 ↓ test/workerd/declared-audit2-fd6f00b6.test.ts > a document too large to store is refused before it can activate (R-DECL-26) > a document inside every other bound whose canonical JSON is over 1,048,576 bytes is policy-invalid at propose time; the same shape under the bound is admitted
 ↓ test/workerd/declared-audit2-fd6f00b6.test.ts > a document too large to store is refused before it can activate (R-DECL-26) > an owner path named constructor, a legal glob, does not hide a document over the bound from the Room (checker finding 23766004)
 ↓ test/workerd/declared-audit2-fd6f00b6.test.ts > a document too large to store is refused before it can activate (R-DECL-26) > the validator names the bound, and only when the document is over it
 ✓ test/workerd/declared-audit2-fd6f00b6.test.ts > refusal wording is filled only with facts in the room's own form, and is bounded (R-DECL-13) > an unrecorded refusal's {lane} and {generation} are filled only by a lane ID and a positive integer 95ms
 ✓ test/workerd/declared-audit2-fd6f00b6.test.ts > refusal wording is filled only with facts in the room's own form, and is bounded (R-DECL-13) > a recorded refusal whose template repeats {path} is cut to 8,192 bytes, never inside a character 132ms
 ↓ test/workerd/declared-audit2-fd6f00b6.test.ts > the active document is parsed once per version, not once per kind > a grant that names every kind of a 58-kind document reads the policy row at most once
 ↓ test/workerd/declared-audit2-fd6f00b6.test.ts > the active document is parsed once per version, not once per kind > at most four versions are kept, and a version no longer kept is read again as it was
 ↓ test/workerd/declared-audit2-fd6f00b6.test.ts > the active document is parsed once per version, not once per kind > a kept policy cannot be changed by its reader, and a new activation is read at once
 ↓ test/workerd/declared-audit2-fd6f00b6.test.ts > records of declared and recover acts keep the contract's fields > an opening act with no goal field and a review act with no text field return records whose goal and text are empty strings
 ↓ test/workerd/declared-audit2-fd6f00b6.test.ts > records of declared and recover acts keep the contract's fields > every recover record names its op as `recover`; a landing's `op` stays its landing operation (R-DECL-21)
 ↓ test/workerd/declared-audit2-fd6f00b6.test.ts > bearer sessions across a change of document (R-IDEM-3, R-DECL-17) > a session that uses a key again for another act after the room returned to v1 is idempotency-mismatch, naming the original entry
 ↓ test/workerd/declared-audit2-fd6f00b6.test.ts > bearer sessions across a change of document (R-IDEM-3, R-DECL-17) > a redemption that waited in the queue behind an activation is granted under the document then in force

 Test Files  1 passed (1)
      Tests  2 passed | 29 skipped (31)
   Start at  15:46:14
   Duration  2.51s (transform 883ms, setup 0ms, import 1.96s, tests 229ms, environment 0ms)

JSON report written to /tmp/artroom-checker-clipping-413-pfyugk47/canonical-wording.json
