
> @generalbusiness/artroom-ui@0.0.0 test
> vitest run test/checker-ui-f606-races.test.ts


 RUN  v5.0.3 /private/var/folders/2x/wylr59t17ds36l1l7ng25y7w0000gn/T/artroom-checker-ui-f606-r1mf81ul/repo/packages/ui

 ❯ test/checker-ui-f606-races.test.ts (6 tests | 2 failed) 116ms
   ❯ checker f606 current catalogue completion order (4)
     × regression: a delayed older current read cannot replace a newer activation already confirmed by the UI 4ms
     × regression: a refresh begun earlier cannot replace a newer activation confirmed by an explicit read 53ms

⎯⎯⎯⎯⎯⎯⎯ Failed Tests 2 ⎯⎯⎯⎯⎯⎯⎯

 FAIL  test/checker-ui-f606-races.test.ts > checker f606 current catalogue completion order > regression: a delayed older current read cannot replace a newer activation already confirmed by the UI
AssertionError: a confirmed activation must not regress when an older current response arrives: expected 'act_1_3f90684a' to be 'act_2_2eeb2724' // Object.is equality

Expected: "act_2_2eeb2724"
Received: "act_1_3f90684a"

 ❯ test/checker-ui-f606-races.test.ts:72:138
     70|     held.release.resolve();
     71|     await first;
     72|     expect.soft(adapter.snapshot()!.catalogue!.policy, "a confirmed ac…
       |                                                                                                                                          ^
     73|     expect.soft((await adapter.catalogueAt(record.seq))!.policy, "a la…
     74|   });

⎯⎯⎯⎯⎯⎯⎯⎯⎯⎯⎯⎯⎯⎯⎯⎯⎯⎯⎯⎯⎯⎯⎯⎯[1/4]⎯

 FAIL  test/checker-ui-f606-races.test.ts > checker f606 current catalogue completion order > regression: a delayed older current read cannot replace a newer activation already confirmed by the UI
AssertionError: a later accepted entry must use its actual governing policy: expected 'act_1_3f90684a' to be 'act_2_2eeb2724' // Object.is equality

Expected: "act_2_2eeb2724"
Received: "act_1_3f90684a"

 ❯ test/checker-ui-f606-races.test.ts:73:129
     71|     await first;
     72|     expect.soft(adapter.snapshot()!.catalogue!.policy, "a confirmed ac…
     73|     expect.soft((await adapter.catalogueAt(record.seq))!.policy, "a la…
       |                                                                                                                                 ^
     74|   });
     75|   test("control: a refresh whose delayed catalogue has no later activa…

⎯⎯⎯⎯⎯⎯⎯⎯⎯⎯⎯⎯⎯⎯⎯⎯⎯⎯⎯⎯⎯⎯⎯⎯[2/4]⎯

 FAIL  test/checker-ui-f606-races.test.ts > checker f606 current catalogue completion order > regression: a refresh begun earlier cannot replace a newer activation confirmed by an explicit read
AssertionError: load must not regress a newer confirmed catalogue: expected 'act_1_3f90684a' to be 'act_3_ed8cc4d3' // Object.is equality

Expected: "act_3_ed8cc4d3"
Received: "act_1_3f90684a"

 ❯ test/checker-ui-f606-races.test.ts:104:109
    102|     await waitFor(() => expect(notices).toBeGreaterThan(before));
    103|     unsubscribe();
    104|     expect.soft(adapter.snapshot()!.catalogue!.policy, "load must not …
       |                                                                                                             ^
    105|     expect.soft((await adapter.catalogueAt(later.seq))!.policy, "load'…
    106|   });

⎯⎯⎯⎯⎯⎯⎯⎯⎯⎯⎯⎯⎯⎯⎯⎯⎯⎯⎯⎯⎯⎯⎯⎯[3/4]⎯

 FAIL  test/checker-ui-f606-races.test.ts > checker f606 current catalogue completion order > regression: a refresh begun earlier cannot replace a newer activation confirmed by an explicit read
AssertionError: load's active fast path must not apply the old policy to a later accepted record: expected 'act_1_3f90684a' to be 'act_3_ed8cc4d3' // Object.is equality

Expected: "act_3_ed8cc4d3"
Received: "act_1_3f90684a"

 ❯ test/checker-ui-f606-races.test.ts:105:149
    103|     unsubscribe();
    104|     expect.soft(adapter.snapshot()!.catalogue!.policy, "load must not …
    105|     expect.soft((await adapter.catalogueAt(later.seq))!.policy, "load'…
       |                                                                                                                                                     ^
    106|   });
    107| });

⎯⎯⎯⎯⎯⎯⎯⎯⎯⎯⎯⎯⎯⎯⎯⎯⎯⎯⎯⎯⎯⎯⎯⎯[4/4]⎯


 Test Files  1 failed (1)
      Tests  2 failed | 4 passed (6)
   Start at  15:24:07
   Duration  461ms (tests 33%, transform 28%, environment 24%, import 15%)

npm error Lifecycle script `test` failed with error:
npm error code 1
npm error path /private/var/folders/2x/wylr59t17ds36l1l7ng25y7w0000gn/T/artroom-checker-ui-f606-r1mf81ul/repo/packages/ui
npm error workspace @generalbusiness/artroom-ui@0.0.0
npm error location /private/var/folders/2x/wylr59t17ds36l1l7ng25y7w0000gn/T/artroom-checker-ui-f606-r1mf81ul/repo/packages/ui
npm error command failed
npm error command sh -c vitest run test/checker-ui-f606-races.test.ts
