
 RUN  v4.1.11 /private/var/folders/2x/wylr59t17ds36l1l7ng25y7w0000gn/T/artroom-checker-title-624-ei7wb2vf/repo/packages/cli

stdout | test/checker-title-era-624.test.ts > CLI title comes from the accepted opening record's D(s) > control: label-only activation before the CLI read prints the new historical title
CHECKER_TITLE_OBSERVATION {"name":"before-read-control","value":{"out":{"code":0,"out":"Done: Begin a tune (score), recorded as act_5_93e3442f.\nThread: Begin a tune: Nardis (lane act_5_93e3442f).","err":""},"historical":{"id":"act_5_93e3442f","seq":5,"policy":"act_4_f07f07cb","label":"Begin a tune","binding":"sha256:d116745a9144eb892a65c21acab4ed441c979c5fe7f3a2a1869b94c019f84058"},"bindingUnchanged":true}}

stdout | test/checker-title-era-624.test.ts > CLI title comes from the accepted opening record's D(s) > label-only activation between preparation and admission must print the accepted record's new historical title
CHECKER_TITLE_OBSERVATION {"name":"before-admission-era","value":{"out":{"code":0,"out":"Done: Open a score (score), recorded as act_5_1cd381e5.\nThread: Open a score: Nardis (lane act_5_1cd381e5).","err":""},"changed":true,"historical":{"id":"act_5_1cd381e5","seq":5,"policy":"act_4_82b3b7ed","label":"Begin a tune","binding":"sha256:d116745a9144eb892a65c21acab4ed441c979c5fe7f3a2a1869b94c019f84058"},"bindingUnchanged":true}}

stdout | test/checker-title-era-624.test.ts > CLI title comes from the accepted opening record's D(s) > paired timing control: a label-only activation after admission must keep the record's old historical title
CHECKER_TITLE_OBSERVATION {"name":"after-admission-control","value":{"out":{"code":0,"out":"Done: Open a score (score), recorded as act_4_673d8373.\nThread: Open a score: Nardis (lane act_4_673d8373).","err":""},"changed":true,"historical":{"id":"act_4_673d8373","seq":4,"policy":"act_3_6118f825","label":"Open a score","binding":"sha256:d116745a9144eb892a65c21acab4ed441c979c5fe7f3a2a1869b94c019f84058"},"bindingUnchanged":true}}

 ❯ test/checker-title-era-624.test.ts (3 tests | 1 failed) 121ms
     ✓ control: label-only activation before the CLI read prints the new historical title 61ms
     × label-only activation between preparation and admission must print the accepted record's new historical title 36ms
     ✓ paired timing control: a label-only activation after admission must keep the record's old historical title 23ms

⎯⎯⎯⎯⎯⎯⎯ Failed Tests 1 ⎯⎯⎯⎯⎯⎯⎯

 FAIL  test/checker-title-era-624.test.ts > CLI title comes from the accepted opening record's D(s) > label-only activation between preparation and admission must print the accepted record's new historical title
AssertionError: expected 'Thread: Open a score: Nardis (lane ac…' to be 'Thread: Begin a tune: Nardis (lane ac…' // Object.is equality

Expected: "Thread: Begin a tune: Nardis (lane act_5_1cd381e5)."
Received: "Thread: Open a score: Nardis (lane act_5_1cd381e5)."

 ❯ test/checker-title-era-624.test.ts:65:36
     63|     expect(out.code).toBe(0);
     64|     expect(m.label).toBe("Begin a tune");
     65|     expect(out.out.split("\n")[1]).toBe(`Thread: Begin a tune: Nardis …
       |                                    ^
     66|   });
     67|

⎯⎯⎯⎯⎯⎯⎯⎯⎯⎯⎯⎯⎯⎯⎯⎯⎯⎯⎯⎯⎯⎯⎯⎯[1/1]⎯


 Test Files  1 failed (1)
      Tests  1 failed | 2 passed (3)
   Start at  17:14:34
   Duration  664ms (transform 212ms, setup 0ms, import 358ms, tests 121ms, environment 0ms)

JSON report written to /var/folders/2x/wylr59t17ds36l1l7ng25y7w0000gn/T/artroom-checker-title-624-ei7wb2vf/cli-title-era.vitest.json
