
 RUN  v4.1.11 /private/tmp/artroom-planner-ui-4567-ajquzk40/repo/packages/cli

stdout | test/planner-title-retry-era.test.ts > planner CLI historical presentation of a journaled receipt > a known original receipt keeps its label and thread name, retry=false, activateAfterRecord=false
{"retry":false,"activateAfterRecord":false,"governing":"act_3_3af1d1ae","current":"act_3_3af1d1ae","seq":4,"posts":1,"uniqueSignedBodies":1,"signedBodySHA256":"36c19bcd608f3e29e20a08aebbbfea32fe5661484c7d0dce2c5ee68914d488d8","actualOutput":"Done: Start a song (start-song), recorded as act_4_1b8f0599.\nThread: Start a song: Footprints (lane act_4_1b8f0599)."}

stdout | test/planner-title-retry-era.test.ts > planner CLI historical presentation of a journaled receipt > a known original receipt keeps its label and thread name, retry=false, activateAfterRecord=true
{"retry":false,"activateAfterRecord":true,"governing":"act_3_85160826","current":"act_5_c2d91eca","seq":4,"posts":1,"uniqueSignedBodies":1,"signedBodySHA256":"f2c5cee4783003d6a8c462c1d6bf6a81c735482b58990bb8787dc06dd82818ae","actualOutput":"Done: Start a song (start-song), recorded as act_4_4f6ceb6d.\nThread: Start a song: Footprints (lane act_4_4f6ceb6d)."}

 ✓ test/planner-title-retry-era.test.ts > planner CLI historical presentation of a journaled receipt > a known original receipt keeps its label and thread name, retry=false, activateAfterRecord=false 35ms
 ✓ test/planner-title-retry-era.test.ts > planner CLI historical presentation of a journaled receipt > a known original receipt keeps its label and thread name, retry=false, activateAfterRecord=true 16ms
stdout | test/planner-title-retry-era.test.ts > planner CLI historical presentation of a journaled receipt > a known original receipt keeps its label and thread name, retry=true, activateAfterRecord=false
{"retry":true,"activateAfterRecord":false,"governing":"act_3_b3121bcb","current":"act_3_b3121bcb","seq":4,"posts":5,"uniqueSignedBodies":1,"signedBodySHA256":"c1bbb995c012d0913b8f8cdc97887f43faf1565f11184baa95d65dd6ded6fb2b","actualOutput":"Done: start-song, recorded as act_4_7e7d9cbb."}

 × test/planner-title-retry-era.test.ts > planner CLI historical presentation of a journaled receipt > a known original receipt keeps its label and thread name, retry=true, activateAfterRecord=false 1426ms
   → expected 'Done: start-song, recorded as act_4_7…' to contain 'Done: Start a song (start-song), reco…'
   → the original opening record keeps its thread title when a saved receipt is finished: expected '' to match /^Thread: Start a song: Footprints \(l…/
stdout | test/planner-title-retry-era.test.ts > planner CLI historical presentation of a journaled receipt > a known original receipt keeps its label and thread name, retry=true, activateAfterRecord=true
{"retry":true,"activateAfterRecord":true,"governing":"act_3_4b36fff1","current":"act_5_37dc31b7","seq":4,"posts":5,"uniqueSignedBodies":1,"signedBodySHA256":"7b9ab5b444489e5ee068e30836c7954d0aadad98a4a06f9da3a0701995e715c0","actualOutput":"Done: start-song, recorded as act_4_8ce3c987."}

 × test/planner-title-retry-era.test.ts > planner CLI historical presentation of a journaled receipt > a known original receipt keeps its label and thread name, retry=true, activateAfterRecord=true 1426ms
   → expected 'Done: start-song, recorded as act_4_8…' to contain 'Done: Start a song (start-song), reco…'
   → the original opening record keeps its thread title when a saved receipt is finished: expected '' to match /^Thread: Start a song: Footprints \(l…/

⎯⎯⎯⎯⎯⎯⎯ Failed Tests 2 ⎯⎯⎯⎯⎯⎯⎯

 FAIL  test/planner-title-retry-era.test.ts > planner CLI historical presentation of a journaled receipt > a known original receipt keeps its label and thread name, retry=true, activateAfterRecord=false
AssertionError: expected 'Done: start-song, recorded as act_4_7…' to contain 'Done: Start a song (start-song), reco…'

Expected: "Done: Start a song (start-song), recorded as "
Received: "Done: start-song, recorded as act_4_7e7d9cbb."

 ❯ test/planner-title-retry-era.test.ts:47:43


⎯⎯⎯⎯⎯⎯⎯⎯⎯⎯⎯⎯⎯⎯⎯⎯⎯⎯⎯⎯⎯⎯⎯⎯[1/4]⎯

 FAIL  test/planner-title-retry-era.test.ts > planner CLI historical presentation of a journaled receipt > a known original receipt keeps its label and thread name, retry=true, activateAfterRecord=false
 FAIL  test/planner-title-retry-era.test.ts > planner CLI historical presentation of a journaled receipt > a known original receipt keeps its label and thread name, retry=true, activateAfterRecord=true
AssertionError: the original opening record keeps its thread title when a saved receipt is finished: expected '' to match /^Thread: Start a song: Footprints \(l…/

- Expected:
/^Thread: Start a song: Footprints \(lane act_\d+_[0-9a-f]{8}\)\.$/

+ Received:
""

 ❯ test/planner-title-retry-era.test.ts:48:136


⎯⎯⎯⎯⎯⎯⎯⎯⎯⎯⎯⎯⎯⎯⎯⎯⎯⎯⎯⎯⎯⎯⎯⎯[2/4]⎯

 FAIL  test/planner-title-retry-era.test.ts > planner CLI historical presentation of a journaled receipt > a known original receipt keeps its label and thread name, retry=true, activateAfterRecord=true
AssertionError: expected 'Done: start-song, recorded as act_4_8…' to contain 'Done: Start a song (start-song), reco…'

Expected: "Done: Start a song (start-song), recorded as "
Received: "Done: start-song, recorded as act_4_8ce3c987."

 ❯ test/planner-title-retry-era.test.ts:47:43


⎯⎯⎯⎯⎯⎯⎯⎯⎯⎯⎯⎯⎯⎯⎯⎯⎯⎯⎯⎯⎯⎯⎯⎯[3/4]⎯


 Test Files  1 failed (1)
      Tests  2 failed | 2 passed (4)
   Start at  17:31:26
   Duration  3.23s (transform 117ms, setup 0ms, import 204ms, tests 2.90s, environment 0ms)

JSON report written to /var/folders/2x/wylr59t17ds36l1l7ng25y7w0000gn/T/artroom-planner-cli-retry-era-_eylsugl/cli-retry-era.vitest.json
