
 RUN  v4.1.11 /private/tmp/artroom-planner-ui-4567-ajquzk40/repo/packages/cli

stdout | test/planner-journal-kind.test.ts > a saved receipt is shown as its saved kind, regardless of newer command arguments > original receipt identity, changedKind=false, metadataUnavailable=false
{"changedKind":false,"metadataUnavailable":false,"acceptedKind":"start-song","binding":"sha256:29b7bd9477711597a659d813639999b9ce3e9716602727eebb5ddd40f42ec6f6","seq":4,"posts":5,"uniqueSignedBodies":1,"signedBodySHA256":"8093cb3536172befd496dc2061dd62c6b855417bda11520c28d5685fb4ecbf48","actual":"Done: Start a song (start-song), recorded as act_4_0a615b7c.\nThread: Start a song: Footprints (lane act_4_0a615b7c).","expectedDone":"Done: Start a song (start-song), recorded as act_4_0a615b7c.","expectedThread":"Thread: Start a song: Footprints (lane act_4_0a615b7c)."}

 ✓ test/planner-journal-kind.test.ts > a saved receipt is shown as its saved kind, regardless of newer command arguments > original receipt identity, changedKind=false, metadataUnavailable=false 1505ms
stdout | test/planner-journal-kind.test.ts > a saved receipt is shown as its saved kind, regardless of newer command arguments > original receipt identity, changedKind=false, metadataUnavailable=true
{"changedKind":false,"metadataUnavailable":true,"acceptedKind":"start-song","binding":"sha256:29b7bd9477711597a659d813639999b9ce3e9716602727eebb5ddd40f42ec6f6","seq":4,"posts":5,"uniqueSignedBodies":1,"signedBodySHA256":"b6cd009ce8d42fca57bdb20f3f997b02c6242f7efd3776ece83c53a4f5111f19","actual":"Done: start-song, recorded as act_4_6638b3a6.\nThread: act_4_6638b3a6 (lane act_4_6638b3a6).","expectedDone":"Done: start-song, recorded as act_4_6638b3a6.","expectedThread":"Thread: act_4_6638b3a6 (lane act_4_6638b3a6)."}

 ✓ test/planner-journal-kind.test.ts > a saved receipt is shown as its saved kind, regardless of newer command arguments > original receipt identity, changedKind=false, metadataUnavailable=true 1451ms
stdout | test/planner-journal-kind.test.ts > a saved receipt is shown as its saved kind, regardless of newer command arguments > original receipt identity, changedKind=true, metadataUnavailable=false
{"changedKind":true,"metadataUnavailable":false,"acceptedKind":"start-song","binding":"sha256:29b7bd9477711597a659d813639999b9ce3e9716602727eebb5ddd40f42ec6f6","seq":4,"posts":5,"uniqueSignedBodies":1,"signedBodySHA256":"e1a6aed9b576c76ec5025546bd4181ffea1dd151f4daa053bdd5811efa4773cd","actual":"Done: Draft a poster (draft-poster), recorded as act_4_d75ccf13.\nThread: Draft a poster: Footprints (lane act_4_d75ccf13).","expectedDone":"Done: Start a song (start-song), recorded as act_4_d75ccf13.","expectedThread":"Thread: Start a song: Footprints (lane act_4_d75ccf13)."}

 × test/planner-journal-kind.test.ts > a saved receipt is shown as its saved kind, regardless of newer command arguments > original receipt identity, changedKind=true, metadataUnavailable=false 1447ms
   → receipt must identify the kind actually accepted, rather than a newer argument: expected 'Done: Draft a poster (draft-poster), …' to be 'Done: Start a song (start-song), reco…' // Object.is equality
   → thread title must use the saved kind's historical meaning and saved body: expected 'Thread: Draft a poster: Footprints (l…' to be 'Thread: Start a song: Footprints (lan…' // Object.is equality
stdout | test/planner-journal-kind.test.ts > a saved receipt is shown as its saved kind, regardless of newer command arguments > original receipt identity, changedKind=true, metadataUnavailable=true
{"changedKind":true,"metadataUnavailable":true,"acceptedKind":"start-song","binding":"sha256:29b7bd9477711597a659d813639999b9ce3e9716602727eebb5ddd40f42ec6f6","seq":4,"posts":5,"uniqueSignedBodies":1,"signedBodySHA256":"7c8aff7d584b9d8c514ff7cc39c3c495939cbcabd0971dd84cf511f16fab1b41","actual":"Done: draft-poster, recorded as act_4_c53c3b67.\nThread: act_4_c53c3b67 (lane act_4_c53c3b67).","expectedDone":"Done: start-song, recorded as act_4_c53c3b67.","expectedThread":"Thread: act_4_c53c3b67 (lane act_4_c53c3b67)."}

 × test/planner-journal-kind.test.ts > a saved receipt is shown as its saved kind, regardless of newer command arguments > original receipt identity, changedKind=true, metadataUnavailable=true 1449ms
   → receipt must identify the kind actually accepted, rather than a newer argument: expected 'Done: draft-poster, recorded as act_4…' to be 'Done: start-song, recorded as act_4_c…' // Object.is equality

⎯⎯⎯⎯⎯⎯⎯ Failed Tests 2 ⎯⎯⎯⎯⎯⎯⎯

 FAIL  test/planner-journal-kind.test.ts > a saved receipt is shown as its saved kind, regardless of newer command arguments > original receipt identity, changedKind=true, metadataUnavailable=false
AssertionError: receipt must identify the kind actually accepted, rather than a newer argument: expected 'Done: Draft a poster (draft-poster), …' to be 'Done: Start a song (start-song), reco…' // Object.is equality

Expected: "Done: Start a song (start-song), recorded as act_4_d75ccf13."
Received: "Done: Draft a poster (draft-poster), recorded as act_4_d75ccf13."

 ❯ test/planner-journal-kind.test.ts:59:127


⎯⎯⎯⎯⎯⎯⎯⎯⎯⎯⎯⎯⎯⎯⎯⎯⎯⎯⎯⎯⎯⎯⎯⎯[1/3]⎯

 FAIL  test/planner-journal-kind.test.ts > a saved receipt is shown as its saved kind, regardless of newer command arguments > original receipt identity, changedKind=true, metadataUnavailable=false
AssertionError: thread title must use the saved kind's historical meaning and saved body: expected 'Thread: Draft a poster: Footprints (l…' to be 'Thread: Start a song: Footprints (lan…' // Object.is equality

Expected: "Thread: Start a song: Footprints (lane act_4_d75ccf13)."
Received: "Thread: Draft a poster: Footprints (lane act_4_d75ccf13)."

 ❯ test/planner-journal-kind.test.ts:60:121


⎯⎯⎯⎯⎯⎯⎯⎯⎯⎯⎯⎯⎯⎯⎯⎯⎯⎯⎯⎯⎯⎯⎯⎯[2/3]⎯

 FAIL  test/planner-journal-kind.test.ts > a saved receipt is shown as its saved kind, regardless of newer command arguments > original receipt identity, changedKind=true, metadataUnavailable=true
AssertionError: receipt must identify the kind actually accepted, rather than a newer argument: expected 'Done: draft-poster, recorded as act_4…' to be 'Done: start-song, recorded as act_4_c…' // Object.is equality

Expected: "Done: start-song, recorded as act_4_c53c3b67."
Received: "Done: draft-poster, recorded as act_4_c53c3b67."

 ❯ test/planner-journal-kind.test.ts:59:127


⎯⎯⎯⎯⎯⎯⎯⎯⎯⎯⎯⎯⎯⎯⎯⎯⎯⎯⎯⎯⎯⎯⎯⎯[3/3]⎯


 Test Files  1 failed (1)
      Tests  2 failed | 2 passed (4)
   Start at  18:21:43
   Duration  6.67s (transform 373ms, setup 0ms, import 541ms, tests 5.85s, environment 0ms)

JSON report written to /var/folders/2x/wylr59t17ds36l1l7ng25y7w0000gn/T/artroom-planner-c74-journal-kind-p9duu78x/runtime.vitest.json
